5-Methoxypsoralen
Abacavir
Abacavir + Lamivudine
Abatacept
Abciximab
Acacia
Acacia + Starch + Tragacanth
Acamprosate
Acarbose
Acebutolol
Acebutolol + Hydrochlorothiazide
Aceclofenac
Acemetacin
Acenocoumarol
Acetarsol
Acetazolamide
Acetic acid
Acetic acid + Honey + Squill
Acetone
Acetylcholine
Acetylcysteine
Acetyl-L-carnitine
Aciclovir
Acipimox
Acitretin
Acrivastine
Activated charcoal
Activated charcoal + Magnesium hydroxide
Adalimumab
Adapalene
Adapalene + Benzoyl peroxide
Adefovir
Ademetionine
Adenosine
Adrenaline
Adrenaline + Guanethidine
Agalsidase alfa
Agalsidase beta
Agomelatine
Air gas
Albendazole
Albumin human
Alclometasone
Aldesleukin
Aldioxa + Chloroxylenol
Alemtuzumab
Alendronic acid
Alendronic acid + Colecalciferol
Alexitol
Alfacalcidol
Alfentanil
Alfuzosin
Alglucosidase alfa
Alimemazine
Aliskiren
Alitretinoin
Allantoin
Allantoin + Lidocaine
Allopurinol
Almond oil
Almond oil + Lanolin anhydrous
Almotriptan
Aloes + Podophyllum resin + Storax + Sumatra benzoin
Aloes + Sumatra benzoin
Aloin
Alpha tocopherol
Alpha tocopherol + Selenium
Alprazolam
Alprostadil
Alteplase
Alum
Aluminium acetate
Aluminium chloride
Aluminium hydroxide
Aluminium hydroxide + Dimeticone
Aluminium hydroxide + Magnesium trisilicate
Aluminium hydroxide + Simeticone
Aluminium oxide
Aluminium oxide + Magnesium hydroxide + Oxetacaine
Aluminium sulphate
Alverine
Amantadine
Amaranth
Ambrisentan
Amfetamine + Dexamfetamine
Amifampridine
Amifostine
Amikacin
Amiloride
Amiloride + Bumetanide
Amiloride + Cyclopenthiazide
Amiloride + Cyclopenthiazide - invalid
Amiloride + Furosemide
Aminoglutethimide
Aminophylline
Aminosalicylic acid
Amiodarone
Amisulpride
Amitriptyline
Amitriptyline + Perphenazine
Amlodipine
Amlodipine + Valsartan
Ammonia
Ammonia + Ammonium bicarbonate
Ammonia + Eucalyptus oil
Ammonium acetate
Ammonium bicarbonate
Ammonium bicarbonate + Ipecacuanha
Ammonium bicarbonate + Ipecacuanha + Sodium bicarbonate
Ammonium bicarbonate + Potassium iodide
Ammonium bromide + Potassium bromide + Sodium bromide
Ammonium chloride
Ammonium chloride + Caffeine
Ammonium chloride + Diphenhydramine
Ammonium sulphate
Amobarbital
Amobarbital + Secobarbital
Amorolfine
Amoxapine
Amoxicillin
Amphotericin B
Amphotericin B (lipid formulation)
Ampicillin
Amprenavir
Amsacrine
Amyl nitrite
Amylmetacresol
Anagrelide
Anakinra
Anastrozole
Androstanolone
Anidulafungin
Anise oil
Antazoline
Antazoline + Xylometazoline
Anthrax vaccine
Anti-D immunoglobulin
Antimony
Antithrombin alfa
Antithymocyte immunoglobulin (equine)
Antithymocyte immunoglobulin (rabbit)
Apomorphine
Apple mistletoe
Apple mistletoe + Copper carbonate
Apple mistletoe + Mercuric sulphate
Apple mistletoe + Silver carbonate
Apraclonidine
Aprepitant
Aprotinin
Arachis oil
Arginine
Argipressin
Aripiprazole
Arsenic
Artemether + Lumefantrine
Ascorbic acid
Ascorbic acid + Nicotinamide
Ascorbic acid + Zinc
Asenapine
Ash mistletoe
Aspirin
Aspirin + Caffeine
Aspirin + Codeine
Aspirin + Isosorbide mononitrate
Aspirin + Metoclopramide
Aspirin + Papaveretum
Aspirin + Paracetamol
Atazanavir
Atenolol
Atenolol + Bendroflumethiazide
Atenolol + Nifedipine
Atomoxetine
Atorvastatin
Atosiban
Atovaquone
Atracurium
Atropine
Auranofin
Azacitidine
Azapropazone
Azatadine
Azathioprine
Azelaic acid
Azelastine
Azithromycin
Aztreonam
Bacillus Calmette-Guerin
Baclofen
Balsalazide
Bambuterol
Barium
Basiliximab
Becaplermin
Beclometasone
Beclometasone + Formoterol
Bee venom
Beeswax
Belatacept
Belladonna
Bemiparin
Bendamustine
Bendroflumethiazide
Bendroflumethiazide + Potassium
Benorilate
Benperidol
Benzalkonium
Benzathine benzylpenicillin
Benzatropine
Benzbromarone
Benzocaine
Benzocaine + Cetylpyridinium
Benzocaine + Chloroxylenol
Benzocaine + Dequalinium
Benzocaine + Mepyramine
Benzocaine + Triclosan
Benzocaine + Tyrothricin
Benzoic acid + Salicylic acid
Benzoyl peroxide
Benzoyl peroxide + Clindamycin
Benzoyl peroxide + Erythromycin
Benzoyl peroxide + Potassium hydroxyquinoline sulphate
Benzydamine
Benzyl alcohol + Eucalyptus oil
Benzyl benzoate
Benzylpenicillin
Beractant
Betacarotene
Betahistine
Betaine
Betamethasone
Betamethasone + Clioquinol
Betamethasone + Clotrimazole
Betamethasone + Fusidic acid
Betamethasone + Neomycin
Betaxolol
Bethanechol
Bevacizumab
Bexarotene
Bezafibrate
Bicalutamide
Bifidobacterium + Lactobacillus
Bifonazole
Bilastine
Bimatoprost
Bimatoprost + Timolol
Biotin
Biperiden
Bisacodyl
Bismuth
Bismuth subcarbonate
Bismuth subgallate
Bismuth subnitrate
Bismuth subnitrate + Iodoform
Bismuth subsalicylate
Bisoprolol
Bisoprolol + Hydrochlorothiazide
Bivalirudin
Black currant
Black widow spider venom antiserum
Bleomycin
Boceprevir
Borax
Boric acid
Boron
Bortezomib
Bosentan
Botulinum A toxin
Botulinum antitoxin
Botulinum B toxin
Botulism antitoxin
Bretylium
Brilliant green + Crystal violet
Brimonidine
Brimonidine + Timolol
Brinzolamide
Brinzolamide + Timolol
Bromazepam
Bromfenac
Bromocriptine
Brompheniramine
Budesonide
Budesonide + Formoterol
Bumetanide
Bumetanide + Potassium
Bupivacaine
Bupivacaine + Adrenaline
Bupivacaine + Fentanyl
Bupivacaine + Glucose
Buprenorphine
Buprenorphine + Naloxone
Bupropion
Buserelin
Buspirone
Busulfan
Butobarbital
C1-esterase inhibitor
Cabergoline
Cade oil
Cade oil + Coal tar
Cadexomer-iodine
Caffeine
Caffeine + Ergotamine
Calamine
Calamine + Clioquinol + Zinc oxide
Calamine + Coal tar
Calamine + Dibrompropamidine
Calamine + Zinc oxide
Calcipotriol
Calcipotriol + Betamethasone
Calcitonin
Calcitriol
Calcium + Magnesium
Calcium acetate
Calcium acetate + Magnesium carbonate
Calcium ascorbate
Calcium carbonate
Calcium carbonate + Ergocalciferol
Calcium carbonate + Magnesium carbonate
Calcium carbonate + Opium
Calcium carbonate + Simeticone
Calcium carbonate + Sodium alginate + Sodium bicarbonate
Calcium chloride
Calcium chloride + Sodium chloride + Sodium lactate + Potassium chloride
Calcium chloride dihydrate + Potassium chloride + Sodium chloride
Calcium citrate + Colecalciferol
Calcium folinate
Calcium glubionate + Calcium lactobionate
Calcium gluconate
Calcium glycinate
Calcium lactate
Calcium lactate + Calcium phosphate + Ergocalciferol
Calcium lactate gluconate + Calcium carbonate
Calcium pantothenate
Calcium phosphate
Calcium phosphate + Colecalciferol
Calcium polystyrene sulphonate
Calcium sulphate
Camphor
Camphor + Chloroxylenol
Camphor + Industrial methylated spirit + Oleic acid
Camphor + Soft soap + Turpentine oil
Camphorated opium + Ipecacuanha + Sodium bicarbonate
Camphorated opium + Squill oxymel
Canakinumab
Candesartan
Capecitabine
Capreomycin
Capsaicin
Captopril
Carbachol
Carbamazepine
Carbaryl
Carbenoxolone
Carbetocin
Carbidopa
Carbimazole
Carbocisteine
Carbomer 974P
Carbomer 980
Carbon dioxide + Oxygen gas
Carbon dioxide gas
Carboplatin
Carboprost
Cardamom
Carglumic acid
Carisoprodol
Carmellose
Carmustine
Carnitine
Carob seed
Carob seed + Calcium lactate
Carteolol
Carvedilol
Cascara + Senna
Casein
Caspofungin
Castor oil
Castor oil + Collodion + Colophony
Castor oil + Zinc oxide
Cefaclor
Cefadroxil
Cefalexin
Cefamandole
Cefazolin
Cefixime
Cefotaxime
Cefoxitin
Cefpirome
Cefpodoxime
Cefprozil
Cefradine
Ceftazidime
Ceftriaxone
Cefuroxime
Celecoxib
Celiprolol
Cellulose
Cerium nitrate + Sulfadiazine silver
Cerivastatin
Certolizumab pegol
Certoparin
Cetirizine
Cetomacrogol 1000 + Emulsifying Wax + Liquid paraffin + White soft paraffin
Cetrimide
Cetrimide + Benzalkonium
Cetrorelix
Cetuximab
Cetylpyridinium
Cetylpyridinium + Menthol
Chalk
Chalk + Magnesium carbonate + Magnesium Trisilicate + Sodium Bicarbonate
Chamomile
Characterised autologous human cartilage cells
Chloral hydrate
Chlorambucil
Chloramphenicol
Chlordiazepoxide
Chlordiazepoxide + Clidinium
Chlorhexidine
Chlorhexidine + Cetrimide
Chlorhexidine + Chlorobutanol
Chlorhexidine + Isopropyl alcohol
Chlorhexidine + Sodium fluoride
Chlorhexidine + Tetracaine
Chlormethine
Chlorobutanol
Chlorocresol
Chlorocresol + Potassium hydroxyquinolone sulphate
Chloroform
Chloroform + Morphine
Chloroquine
Chloroquine phosphate
Chloroquine sulphate
Chlorothiazide
Chloroxylenol
Chlorphenamine
Chlorpromazine
Chlorpropamide
Chlorquinaldol + Hydrocortisone
Chlortalidone
Chlortetracycline
Cholera vaccine
Cholesterol
Choline salicylate
Choline salicylate + Glycerol
Chondroitin + Fish oil
Choriogonadotropin alfa
Chorionic gonadotrophin
Chromium
Ciclesonide
Ciclosporin
Cidofovir
Cilazapril
Cilostazol
Cimetidine
Cinacalcet
Cinchocaine
Cinchocaine + Hydrocortisone
Cinchocaine + Prednisolone
Cinnarizine
Cinnarizine + Dimenhydrinate
Ciprofibrate
Ciprofloxacin
Cisapride
Cisatracurium
Cisplatin
Citalopram
Citric acid
Citric acid + Ipecacuanha
Citric acid + Magnesium carbonate
Citronella oil
Citrulline
Cladribine
Clarithromycin
Clemastine
Clindamycin
Clioquinol + Flumetasone
Clobazam
Clobetasol
Clobetasol + Salicylic acid
Clobetasone
Clodronic acid
Clofarabine
Clofazimine
Clomethiazole
Clomifene
Clomipramine
Clonazepam
Clonidine
Clopidogrel
Cloral betaine
Clotrimazole
Clotrimazole + Fluconazole
Clove oil
Clove oil + Chlorobutanol
Clove oil + Lidocaine
Clozapine
Coal tar
Coal tar + Allantoin
Coal tar + Betamethasone
Coal tar + Clobetasol
Coal Tar + Clobetasone
Coal tar + Lecithin
Coal tar + Salicylic acid
Co-amilofruse
Co-amilozide
Co-amoxiclav
Co-beneldopa
Cocaine
Co-careldopa
Co-codamol
Co-codaprin
Coconut oil
Co-cyprindiol
Cod liver oil
Co-danthramer
Co-danthrusate
Codeine
Codeine + Kaolin
Co-dergocrine mesilate
Co-dydramol
Co-fluampicil
Co-flumactone
Colchicine
Colecalciferol
Colecalciferol + Calcium carbonate
Colesevelam
Colestipol
Colestyramine
Colfosceril palmitate
Colistimethate
Colistin
Collagenase clostridium histolyticum
Co-magaldrox
Co-methiamol
Conestat alfa
Conjugated oestrogens
Conjugated oestrogens + Medroxyprogesterone
Conjugated oestrogens + Norgestrel
Connaught strain Bacillus of Calmette-Guerin
Co-phenotrope
Copper
Copper sulphate
Co-prenozide
Co-proxamol
Corifollitropin alfa
Corticotropin
Cortisone
Co-simalcite
Co-tenidone
Co-triamterzide
Co-trimoxazole
Coumarin
Co-zidocapt
Cranberry
Crisantaspase
Crotamiton
Cryoprecipitate
Cyanocobalamin
Cyclizine
Cyclomethicone + Isopropyl myristate
Cyclopenthiazide
Cyclopentolate
Cyclophosphamide
Cycloserine
Cyproheptadine
Cyproterone
Cystine
Cytarabine
Cytarabine (liposomal)
Cytomegalovirus immunoglobulin
Dabigatran etexilate
Dacarbazine
Daclizumab
Dactinomycin
Dalteparin
Danaparoid
Danazol
Dantrolene
Dapoxetine
Dapsone
Dapsone + Pyrimethamine
Daptomycin
Darbepoetin alfa
Darifenacin
Darunavir
Dasatinib
Daunorubicin
Daunorubicin (liposomal)
Debrisoquine
Deferasirox
Deferiprone
Defibrotide
Deflazacort
Degarelix
Demeclocycline
Denosumab
Dequalinium
Desferrioxamine
Desflurane
Desloratadine
Desmopressin
Desogestrel
Desoximetasone
Dexamethasone
Dexamethasone + Tobramycin
Dexamfetamine
Dexbrompheniramine + Pseudoephedrine
Dexibuprofen
Dexketoprofen
Dexmethylphenidate
Dexpanthenol
Dexrazoxane
Dextran
Dextran 40 + Glucose
Dextran 40 + Sodium chloride
Dextran 70 + Glucose
Dextran 70 + Sodium chloride
Dextranomer
Dextromethorphan
Dextromethorphan + Menthol
Dextromethorphan + Pseudoephedrine
Dextromethorphan + Triprolidine
Dextromoramide
Dextropropoxyphene
Diamorphine
Diazepam
Diazoxide
Dibotermin alfa
Dibrompropamidine
Dichlorobenzyl alcohol
Dichlorobenzyl alcohol + Amylmetacresol
Dichlorodifluoromethane + Chloroform
Diclofenac potassium
Diclofenac sodium
Diclofenac sodium + Misoprostol
Dicobalt edetate
Dicycloverine
Didanosine
Didecyldimethylammonium chloride
Diethyl phthalate + Methyl salicylate
Diethylamine salicylate
Diethylstilbestrol
Diethylstilbestrol + Lactic acid
Diflucortolone
Diflunisal
Digitoxin
Digoxin
Digoxin specific antibody
Dihydrocodeine
Dihydrocodeine + Paracetamol
Dihydrotachysterol
Dill oil
Dill oil + Ginger + Sodium bicarbonate
Diloxanide
Diltiazem
Dimenhydrinate
Dimercaprol
Dimethyl sulfone + Ascorbic acid
Dimethyl sulfoxide
Dimeticone
Dimeticone + Benzalkonium
Dimeticone + Cetrimide
Dinoprostone
Diphencyprone
Diphenhydramine
Diphenhydramine + Dextromethorphan
Diphenhydramine + Levomenthol
Diphenhydramine + Pholcodine
Diphtheria + Tetanus + Pertussis + Haemophilus influenzae type B vaccine
Diphtheria + Tetanus + Pertussis + Poliomyelitis + Haemophilus influenzae type B vaccine
Diphtheria + Tetanus + Pertussis + Poliomyelitis vaccine
Diphtheria + Tetanus + Pertussis vaccine
Diphtheria + Tetanus + Poliomyelitis vaccine
Diphtheria + Tetanus vaccine
Diphtheria antitoxin
Dipipanone + Cyclizine
Dipivefrine
Dipotassium clorazepate
Dipyridamole
Dipyridamole + Aspirin
Disodium etidronate
Disodium pamidronate
Disopyramide
Distigmine
Disulfiram
Dithranol
Dithranol + Salicylic acid
Dobutamine
Docetaxel
Docusate
Docusate sodium + Glycerol
Dolasetron
Domperidone
Donepezil
Dopamine
Dopexamine
Doripenem
Dornase alfa
Dorzolamide
Dorzolamide + Timolol
Dosulepin
Doxapram
Doxazosin
Doxepin
Doxorubicin
Doxorubicin (liposomal)
Doxycycline
Dried yeast
Dronabinol + Cannabidiol
Dronedarone
Droperidol
Drotrecogin alfa
Duloxetine
Dutasteride
Dydrogesterone
Echinacea
Econazole
Econazole + Hydrocortisone
Eculizumab
Edetic acid
Edrophonium
Efalizumab
Efavirenz
Eflornithine
Eicosapentaenoic acid + Docosahexaenoic acid
Eletriptan
Eltrombopag
Emedastine
Emtricitabine
Emulsifying ointment + Phenoxyethanol
Emulsifying wax + Liquid paraffin + White soft paraffin
Emulsifying wax + Yellow soft paraffin
Enalapril
Enalapril + Hydrochlorothiazide
Enflurane
Enfuvirtide
Enoxaparin
Enoximone
Entacapone
Entecavir
Eosin
Ephedrine
Ephedrine + Chlorphenamine
Ephedrine + Dextromethorphan
Ephedrine + Ipecacuanha
Epinastine
Epirubicin
Eplerenone
Epoetin alfa
Epoetin beta
Epoetin delta
Epoetin theta
Epoetin zeta
Epoprostenol
Eprosartan
Eptacog alfa (activated)
Eptifibatide
Erdosteine
Ergocalciferol
Ergometrine
Ergometrine + Oxytocin
Eribulin
Erlotinib
Ertapenem
Erythromycin
Erythromycin + Isotretinoin
Erythromycin + Tretinoin
Erythromycin + Zinc acetate
Erythromycin ethyl succinate
Erythromycin lactobionate
Erythromycin stearate
Escitalopram
Eslicarbazepine
Esmolol
Esomeprazole
Estradiol
Estradiol + Dienogest
Estradiol + Dydrogesterone
Estradiol + Levonorgestrel
Estradiol + Medroxyprogesterone
Estradiol + Norethisterone
Estradiol + Norethisterone acetate
Estradiol + Norgestrel
Estradiol +Drospirenone
Estramustine
Estriol
Estropipate
Etamsylate
Etanercept
Ethambutol
Ethanol
Ethanol + Iodine + Potassium iodide
Ethanolamine oleate
Ether
Ethinylestradiol
Ethinylestradiol + Desogestrel
Ethinylestradiol + Drospirenone
Ethinylestradiol + Etonogestrel
Ethinylestradiol + Gestodene
Ethinylestradiol + Levonorgestrel
Ethinylestradiol + Norelgestromin
Ethinylestradiol + Norethisterone
Ethinylestradiol + Norethisterone acetate
Ethinylestradiol + Norgestimate
Ethionamide
Ethosuximide
Ethyl chloride
Ethylmorphine
Etidronic acid
Etodolac
Etomidate
Etonogestrel
Etoposide
Etoricoxib
Etravirine
Etynodiol
Eucalyptus oil
European viper snake venom antiserum
Evening primrose oil
Everolimus
Exemestane
Exenatide
Ezetimibe
Factor VIII + von Willebrand factor
Factor VIII Inhibitor Bypassing Fraction
Factor XI
Factor XIII
Famciclovir
Famotidine
Fampridine
Febuxostat
Felbamate
Felbinac
Felodipine
Felodipine + Ramipril
Fenbufen
Fenofibrate
Fenofibrate micronised
Fenoprofen
Fenoterol
Fenoterol + Ipratropium
Fentanyl
Fenticonazole
Ferric ammonium citrate + Folic acid
Ferric carboxymaltose
Ferric chloride
Ferric subsulphate
Ferrous citrate
Ferrous fumarate
Ferrous fumarate + Folic acid
Ferrous gluconate
Ferrous gluconate + Folic acid
Ferrous glycine sulphate
Ferrous sulphate
Ferrous sulphate + Ascorbic acid
Ferrous sulphate + Folic acid
Ferrous sulphate + Silica
Ferucarbotran
Fesoterodine
Fexofenadine
Fibrinogen
Fibrinogen + Thrombin
Fig + Senna
Filgrastim
Finasteride
Fingolimod
Fish oil
Flavoxate
Flecainide
Flucloxacillin
Fluconazole
Flucytosine
Fludarabine
Fludrocortisone
Fludroxycortide
Flumazenil
Flunarizine
Flunisolide
Flunitrazepam
Fluocinolone
Fluocinolone + Clioquinol
Fluocinolone + Neomycin
Fluocinonide
Fluocortolone + Fluocortolone hexanoate
Fluocortolone hexanoate + Fluocortolone pivalate
Fluorescein
Fluorometholone
Fluorouracil
Fluorouracil + Salicylic acid
Fluoxetine
Flupentixol
Flupentixol decanoate
Flupentixol dihydrochloride
Fluphenazine
Fluphenazine decanoate
Fluphenazine hydrochloride
Flurazepam
Flurbiprofen
Flutamide
Fluticasone
Fluticasone + Salmeterol
Flutrimazole
Fluvastatin
Fluvoxamine
Folic acid
Folinic acid
Follitropin alfa
Follitropin alfa + Lutropin alfa
Follitropin beta
Fomepizole
Fondaparinux
Formaldehyde
Formoterol
Fosamprenavir
Fosaprepitant
Foscarnet
Fosfestrol
Fosfomycin
Fosinopril
Fosphenytoin
Framycetin
Frangula bark + Taraxacum
Fresh frozen plasma
Frovatriptan
Fructose
Fulvestrant
Fumaric acid
Funnel web spider venom antiserum
Furosemide
Furosemide + Potassium chloride
Fusafungine
Fusidic acid
Gabapentin
Gadobutrol
Gadodiamide
Gadofosveset trisodium
Gadoteridol
Gadoxetic acid
Galactose
Galactose + Palmitic acid
Galantamine
Gallamine
Galsulfase
Gamolenic acid
Gamolenic acid + Alpha tocopherol
Ganciclovir
Ganirelix
Garlic
Gefitinib
Gelatin
Gemcitabine
Gemeprost
Gemfibrozil
Gentamicin
Gentian
Gentian + Sodium bicarbonate
Gestonorone
Gestrinone
Ginger
Ginkgo biloba
Glatiramer
Glibenclamide
Gliclazide
Glimepiride
Glipizide
Gliquidone
Glucagon
Glucosamine hydrochloride
Glucosamine hydrochloride + Ascorbic acid
Glucosamine hydrochloride + Chondroitin
Glucosamine hydrochloride + Dimethyl sulfone
Glucosamine sulphate
Glucosamine sulphate + Ascorbic acid
Glucosamine sulphate + Chondroitin
Glucosamine sulphate + Dimethyl sulfone
Glucose
Glucose + Caffeine
Glucose + Lidocaine
Glucose + Sodium chloride
Glucose + Treacle
Glutamine
Glutaraldehyde
Glutathione
Glycerol
Glycerol + Ipecacuanha
Glycerol + Starch
Glycerol + Sucrose
Glycerol + Thymol
Glyceryl trinitrate
Glycine
Glycine + Ethanol
Glycopyrronium
Golimumab
Gonadorelin
Goserelin
Granisetron
Grass pollen
Griseofulvin
Guaiacol + Codeine
Guaifenesin
Guaifenesin + Cetylpyridinium
Guaifenesin + Menthol
Guaifenesin + Pseudoephedrine
Guanethidine
Guanfacine
Guar gum
Haem arginate
Haemophilus influenzae type b + Meningococcal group C vaccine
Haemophilus influenzae type B vaccine
Halcinonide
Halibut liver oil
Halogenated phenols + Phenol
Haloperidol
Haloperidol decanoate
Halothane
Halquinol
Hamamelis
Hamamelis + Cetrimide
Hamamelis + Naphazoline
Hard paraffin + Liquid paraffin + Soft paraffin + Wool alcohols
Helium + Oxygen
Helium + Oxygen gas
Helium gas
Hemin
Heparin
Heparinoid
Hepatitis A + B vaccine
Hepatitis A + Typhoid vaccine
Hepatitis A vaccine
Hepatitis B immunoglobulin
Hepatitis B vaccine
Hetastarch
Hexachlorophene
Hexaminolevulinate
Hexastarch
Hexetidine
Hexylresorcinol
Hexylresorcinol + Benzalkonium
High Purity Factor IX
High Purity Factor VIII
High Purity Factor VIII + von Willebrand factor
Histamine
Histrelin
Homatropine
Homeopathic aconite
Homeopathic aconitum napellus
Homeopathic actaea racemosa
Homeopathic agaricus muscarius
Homeopathic allium cepa
Homeopathic apatite + Homeopathic cucurbita
Homeopathic apis mellifica
Homeopathic apis mellifica + Homeopathic belladonna
Homeopathic argentum nitricum
Homeopathic arnica montana
Homeopathic arnica montana + Homeopathic urtica urens
Homeopathic arsenicum album
Homeopathic belladonna
Homeopathic bellis perennis
Homeopathic bryonia alba
Homeopathic bryonia dioica
Homeopathic calcarea carbonica
Homeopathic calcarea fluorica
Homeopathic calcarea phosphorica
Homeopathic calcarea sulphurica
Homeopathic calendula officinalis
Homeopathic calendula officinalis + Homeopathic hypericum perforatum
Homeopathic candida albicans
Homeopathic cantharis vesicatoria
Homeopathic carbo vegetabilis
Homeopathic chamomilla
Homeopathic cina
Homeopathic cinnabar
Homeopathic cinnabar + Homeopathic pyrites
Homeopathic cocculus indicus
Homeopathic coffea arabica
Homeopathic coffea cruda
Homeopathic colocynthis
Homeopathic cuprum metallicum
Homeopathic drosera rotundifolia
Homeopathic dulcamara + Homeopathic lysimachia nummularia
Homeopathic euphrasia officinales
Homeopathic ferrum phosphoricum
Homeopathic ferrum sidereum
Homeopathic feverfew
Homeopathic gelsemium sempervirens
Homeopathic graphites
Homeopathic hamamelis
Homeopathic hepar sulphuris
Homeopathic hypericum officianalis
Homeopathic hypericum perforatum
Homeopathic ignatia amara
Homeopathic ipecacuanha
Homeopathic kalium bichromicum
Homeopathic kalium muriaticum
Homeopathic kalium phosphoricum
Homeopathic kalium sulphuricum
Homeopathic lachesis muta
Homeopathic ledum palustre
Homeopathic lycopodium clavatum
Homeopathic magnesia phosphorica
Homeopathic mercurius solubilis
Homeopathic mercurius vivus
Homeopathic mixed pollen
Homeopathic natrum muriaticum
Homeopathic natrum phosphoricum
Homeopathic natrum sulphuricum
Homeopathic nux vomica
Homeopathic oopherinum
Homeopathic passiflora incarnata
Homeopathic phosphorus
Homeopathic phytolacca decandra
Homeopathic plumbum mellitum
Homeopathic pulsatilla nigricans
Homeopathic pulsatilla pratensis
Homeopathic rhus toxicodendron
Homeopathic ruta graveolens
Homeopathic sepia officinalis
Homeopathic silica
Homeopathic sulphur
Homeopathic symphytum officinale
Homeopathic tamus communis
Homeopathic tea tree oil
Homeopathic thuja occidentalis
Homeopathic urtica urens
Honey
Honey + Glycerol
Human papillomavirus vaccine
Hyaluronidase
Hydralazine
Hydrochloric acid
Hydrochlorothiazide
Hydrochlorothiazide + Metoprolol
Hydrochlorothiazide + Quinapril
Hydrocortisone
Hydrocortisone + Clioquinol
Hydrocortisone + Clotrimazole
Hydrocortisone + Crotamiton
Hydrocortisone + Fusidic acid
Hydrocortisone + Gentamicin
Hydrocortisone + Miconazole
Hydrocortisone + Neomycin
Hydrocortisone + Potassium hydroxyquinoline sulphate
Hydrocortisone + Pramocaine
Hydrocortisone + Sodium fusidate
Hydrocortisone + Urea
Hydrocortisone butyrate
Hydrogen peroxide
Hydrolysed whey protein + Maltodextrin
Hydromorphone
Hydroquinone
Hydrotalcite
Hydroxocobalamin
Hydroxyapatite
Hydroxycarbamide
Hydroxychloroquine
Hydroxyethyl salicylate + Methyl nicotinate
Hydroxyprogesterone
Hydroxypropyl guar
Hydroxyzine
Hyetellose
Hylan
Hyoscine (base)
Hyoscine butylbromide
Hyoscine hydrobromide
Hypochlorite
Hyprolose
Hypromellose
Hypromellose + Dextran 70
Ibandronic acid
Ibuprofen
Ibuprofen + Codeine
Ibuprofen + Levomenthol
Ibuprofen + Phenylephrine
Ibuprofen + Pseudoephedrine
Icatibant
Ichthammol
Ichthammol + Clobetasone
Ichthammol + Hydrocortisone
Ichthammol + Zinc
Ichthammol + Zinc oxide
Idarubicin
Idebenone
Idoxuridine
Idursulfase
Ifosfamide
Iloprost
Imatinib
Imidapril
Imiglucerase
Imipenem + Cilastatin
Imipramine
Imiquimod
Indacaterol
Indapamide
Indigo carmine
Indinavir
Indometacin
Indoramin
Industrial methylated spirit
Industrial methylated spirit + Glycerol
Industrial methylated spirit + Soft soap
Infliximab
Influenza H1N1 vaccine
Influenza vaccine
Inosine acedoben dimepranol
Inositol nicotinate
Insulin aspart
Insulin aspart biphasic
Insulin detemir
Insulin glargine
Insulin glulisine
Insulin human
Insulin isophane biphasic human
Insulin isophane biphasic porcine
Insulin isophane bovine
Insulin isophane human
Insulin isophane porcine
Insulin lispro
Insulin lispro biphasic
Insulin mixed bovine
Insulin protamine zinc bovine
Insulin soluble bovine
Insulin soluble human
Insulin soluble porcine
Insulin zinc crystalline human
Interferon alfa
Interferon alfa-2a
Interferon alfa-2b
Interferon beta
Interferon beta 1b
Interferon beta-1a
Interferon gamma
Invalid - Co-codaprin
Invalid - Hytellose
Iodine
Iodine + Potassium iodide
Iodixanol
Iodoform
Iohexol
Iomeprol
Iopamidol
Iopromide
Iotrolan
Ioversol
Ipecacuanha
Ipecacuanha + Sodium bicarbonate
Ipilimumab
Ipratropium
Irbesartan
Irbesartan + Hydrochlorothiazide
Irinotecan
Iron dextran
Iron isomaltoside 1000
Iron sorbitol
Iron sucrose
Isocarboxazid
Isoflurane
Isoleucine
Isoniazid
Isoniazid + Pyrazinamide + Rifampicin
Isoprenaline
Isopropyl alcohol
Isopropyl alcohol + Hydrogen peroxide
Isopropyl alcohol + Triclosan
Isosorbide dinitrate
Isosorbide mononitrate
Isotretinoin
Ispaghula husk
Ispaghula husk + Mebeverine
Isradipine
Itraconazole
Ivabradine
Ivermectin
Japanese encephalitis vaccine
Kaolin
Kaolin + Calcium carbonate
Kaolin + Morphine
Kaolin + Zinc oxide
Kaolin light
Ketamine
Ketanserin
Ketoconazole
Ketoprofen
Ketoprofen + Omeprazole
Ketorolac
Ketotifen
Labetalol
Lacidipine
Lacosamide
Lactic acid
Lactic acid + Sodium pidolate
Lactobacillus
Lactoperoxidase
Lactose
Lactulose
L-alanyl-l-glutamine
Lamivudine
Lamotrigine
Lanreotide
Lansoprazole
Lanthanum carbonate
Lapatinib
Laronidase
Latanoprost
Latanoprost + Timolol
Laurilsulfate
Lauromacrogol 400
Lauromacrogol 400 + Heparinoid
Lavender oil
Leflunomide
Lenalidomide
Lenograstim
Lepirudin
Lercanidipine
Letrozole
Leucine
Leuprorelin
Levamisole
Levetiracetam
Levobunolol
Levobupivacaine
Levocabastine
Levocarnitine
Levocetirizine
Levodopa
Levofloxacin
Levofolinic acid
Levomenthol
Levomepromazine
Levonorgestrel
Levothyroxine
Levothyroxine + Liothyronine
Lidocaine
Lidocaine + Adrenaline
Lidocaine + Aminoacridine
Lidocaine + Cetalkonium
Lidocaine + Cetylpyridinium
Lidocaine + Chlorhexidine
Lidocaine + Domiphen
Lidocaine + Fluorescein
Lidocaine + Hydrocortisone
Lidocaine + Phenylephrine
Lidocaine + Prilocaine
Lidocaine + Tetracaine
Linezolid
Linseed oil
Liothyronine
Lipoic acid
Liquid paraffin
Liquid paraffin + Acetylated wool alcohols
Liquid paraffin + Almond oil
Liquid paraffin + Isopropyl myristate
Liquid paraffin + Lanolin
Liquid paraffin + Magnesium hydroxide
Liquorice
Liquorice + Ipecacuanha
Liraglutide
Lisdexamfetamine
Lisinopril
Lisinopril + Hydrochlorothiazide
Lisuride
Lithium
Lithium carbonate
Lithium citrate
Lithium succinate + Zinc sulphate
Lodoxamide
Lofepramine
Lofexidine
Lomustine
Loperamide
Lopinavir + Ritonavir
Loprazolam
Loratadine
Lorazepam
Lormetazepam
Lornoxicam
Losartan
Losartan + Hydrochlorothiazide
Loteprednol
Loxapine
Lumiracoxib
Lutropin alfa
Lymecycline
Lysine
Macrogol 3350
Macrogol 4000
Mafenide
Magnesium aspartate
Magnesium carbonate
Magnesium carbonate + Magnesium trisilicate + Sodium bicarbonate
Magnesium carbonate + Sodium bicarbonate
Magnesium chloride
Magnesium chloride + Calcium carbonate
Magnesium citrate
Magnesium glycerophosphate
Magnesium glycinate
Magnesium hydroxide
Magnesium malate
Magnesium orotate
Magnesium oxide
Magnesium sulphate
Magnesium trisilicate
Magnesium trisilicate + Belladonna alkaloids
Maize starch
Malathion
Malic acid
Mandelic acid
Mangafodipir
Mannitol
Mannitol + Sorbitol
Maprotiline
Maraviroc
Mazindol
Measles + Mumps + Rubella vaccine
Measles vaccine
Mebendazole
Mebeverine
Mecasermin
Mecillinam
Meclozine
Mecobalamin
Mecysteine
Medium chain triglycerides - invalid
Medium-chain triglycerides
Medium-chain triglycerides + Soya oil
Medroxyprogesterone
Mefenamic acid
Mefloquine
Megestrol
Meglumine amidotrizoate + Sodium amidotrizoate
Meglumine amidotrizoate + Sodium amidotrizoate - invalid
Meglumine gadobenate
Meglumine gadopentetate
Meglumine iotalamate
Meglumine iotroxate
Melatonin
Meloxicam
Melperone
Melphalan
Memantine
Menadiol
Meningococcal group C vaccine
Meningococcal groups A + C + W135 + Y vaccine
Meningococcal groups A + C vaccine
Menotrophin
Menthol
Menthol + Anise oil
Menthol + Eucalyptus
Menthol + Peppermint oil
Mepacrine
Mepenzolate bromide
Mepivacaine
Mepivacaine + Adrenaline
Meprobamate
Meptazinol
Mepyramine
Mercaptamine
Mercaptopurine
Meropenem
Mesalazine
Mesna
Mesterolone
Mestranol + Norethisterone
Mesuximide
Metaraminol
Metformin
Methadone
Methenamine
Methionine
Methocarbamol
Methotrexate
Methoxamine
Methoxsalen
Methoxy polyethylene glycol-epoetin beta
Methyl aminolevulinate
Methyl nicotinate
Methyl salicylate
Methyl salicylate + Menthol
Methylcellulose
Methyldopa
Methylnaltrexone bromide
Methylphenidate
Methylprednisolone
Methylprednisolone + Lidocaine
Methylprednisolone acetate
Methylprednisolone sodium succinate
Methylrosanilinium chloride
Methyltestosterone
Methylthioninium chloride
Methysergide
Metipranolol
Metoclopramide
Metolazone
Metoprolol
Metronidazole
Metronidazole + Nystatin
Metyrapone
Mexiletine
Mianserin
Micafungin
Miconazole
Miconazole +Fluprednidene
Midazolam
Midodrine
Mifamurtide
Mifepristone
Miglustat
Milrinone
Minocycline
Minoxidil
Mirtazapine
Misoprostol
Misoprostol + Naproxen
Mitomycin
Mitotane
Mitoxantrone
Mivacurium
Mizolastine
Moclobemide
Modafinil
Moexipril
Molgramostim
Mometasone
Montelukast
Moroctocog alfa
Morphine
Morphine + Cocaine
Morphine + Cyclizine
Morphine + Peppermint oil
Moxifloxacin
Moxisylyte
Moxonidine
Mucin + Xylitol
Mupirocin
Muromonab-CD3
Mycophenolate mofetil
Mycophenolic acid
Myrrh
Nabilone
Nabumetone
Nadolol
Nadolol +Bendroflumethiazide
Nafarelin
Naftidrofuryl
Nalbuphine
Nalidixic acid
Naloxone
Naltrexone
Nandrolone
Naphazoline
Naproxen
Naproxen + Esomeprazole
Naratriptan
Natalizumab
Nateglinide
Nebivolol
Nedocromil
Nefazodone
Nefopam
Nelarabine
Nelfinavir
Neomycin
Neomycin + Gramicidin
Neomycin + Prednisolone
Neomycin + Triamcinolone
Neomycin +Chlorhexidine
Neostigmine
Neostigmine + Glycopyrronium
Nepafenac
Netilmicin
Nevirapine
Nicardipine
Nicorandil
Nicotinamide
Nicotinamide + Pyridoxine + Riboflavin + Thiamine
Nicotinamide + Riboflavine + Thiamine
Nicotine
Nicotinic acid
Nicotinic acid + Laropiprant
Nifedipine
Nilotinib
Nimodipine
Nisoldipine
Nitisinone
Nitrazepam
Nitric oxide
Nitric oxide gas
Nitrofurantoin
Nitrous oxide + Oxygen
Nitrous oxide + Oxygen gas
Nitrous oxide gas
Nizatidine
Nonacog alfa
Nonoxinol
Noradrenaline
Norethisterone
Norethisterone acetate
Norethisterone enantate
Norfloxacin
Norgestrel
Normal immunoglobulin human
Nortriptyline
Nortriptyline +Fluphenazine
Noxytiolin
Nystatin
Nystatin + Chlorhexidine
Nystatin + Tolnaftate
Oak mistletoe
Oak mistletoe + Copper carbonate
Oak mistletoe + Mercuric sulphate
Oak mistletoe + Silver carbonate
Octocog alfa
Octreotide
Ofatumumab
Ofloxacin
Olanzapine
Olanzapine embonate
Oleic acid
Oleic acid + Turpentine oil
Olive oil
Olive oil + Soya oil
Olmesartan
Olmesartan + Amlodipine
Olmesartan + Hydrochlorothiazide
Olopatadine
Olsalazine
Omalizumab
Omeprazole
Ondansetron
Opium
Orange
Orciprenaline
Orlistat
Orphenadrine
Oseltamivir
Oxaliplatin
Oxandrolone
Oxazepam
Oxcarbazepine
Oxerutins
Oxitropium
Oxprenolol
Oxybuprocaine
Oxybutynin
Oxycodone
Oxycodone + Naloxone
Oxygen + Carbon dioxide
Oxygen gas
Oxymetazoline
Oxymetholone
Oxypertine
Oxytetracycline
Oxytetracycline + Hydrocortisone
Oxytocin
Paclitaxel
Palifermin
Paliperidone
Palivizumab
Palonosetron
Pamidronic acid
Pancreatin
Pancuronium
Panitumumab
Pantoprazole
Papaveretum
Papaveretum + Hyoscine hydrobromide
Papaverine
Parabuthus species scorpion venom antiserum
Paracetamol
Paracetamol + Ascorbic acid
Paracetamol + Caffeine
Paracetamol + Dihydrocodeine
Paracetamol + Diphenhydramine
Paracetamol + Domperidone
Paracetamol + Ibuprofen
Paracetamol + Isometheptene
Paracetamol + Metoclopramide
Paracetamol + Phenylephrine
Paracetamol + Pseudoephedrine
Paracetamol + Sodium salicylate
Paraffin hard
Paraldehyde
Parathyroid hormone
Parecoxib
Paricalcitol
Paromomycin
Paroxetine
Passion flower
Pazopanib
Pegaptanib
Pegaspargase
Pegfilgrastim
Peginterferon alfa-2a
Peginterferon alfa-2b
Pegvisomant
Pemetrexed
Penciclovir
Penicillamine
Pentagastrin
Pentamidine
Pentane + Levomenthol
Pentastarch
Pentastarch + Sodium chloride
Pentazocine
Pentosan polysulfate sodium
Pentostatin
Pentoxifylline
Peppermint oil
Peracetic acid
Perflutren
Pergolide
Pericyazine
Perindopril
Perindopril + Indapamide
Permethrin
Perphenazine
Pethidine
Pethidine + Promethazine
Phenelzine
Phenindione
Phenobarbital
Phenobarbital sodium
Phenol
Phenol + Chlorhexidine
Phenolphthalein + Rhubarb
Phenothrin
Phenoxybenzamine
Phenoxyethanol
Phenoxymethylpenicillin
Phentolamine
Phentolamine + Aviptadil
Phenylalanine
Phenylbutazone
Phenylephrine
Phenylephrine + Cyclopentolate
Phenylpropanolamine
Phenylpropanolamine + Chlorphenamine
Phenytoin
Phenytoin sodium
Pholcodine
Pholcodine + Promethazine
Physostigmine
Phytomenadione
Pilocarpine
Pimecrolimus
Pimozide
Pindolol
Pindolol + Clopamide
Pine mistletoe
Pine mistletoe + Mercuric sulphate
Pioglitazone
Pioglitazone + Metformin
Piperacillin + Tazobactam
Piperazine + Sennosides
Pipotiazine
Piracetam
Pirenzepine
Piroxicam
Piroxicam betadex
Pivmecillinam
Pizotifen
Plerixafor
Pneumococcal vaccine
Podophyllotoxin
Podophyllum resin
Polihexanide
Poliomyelitis vaccine
Polygeline
Polymyxin B + Bacitracin
Polymyxin B + Trimethoprim
Polynoxylin
Polysaccharide-iron complex
Polythiazide
Polyvalent snake venom antisera
Polyvinyl alcohol
Poractant alfa
Porcine Factor VIII
Porfimer
Posaconazole
Potassium acid tartrate + Potassium bicarbonate
Potassium aminobenzoate
Potassium bicarbonate
Potassium bicarbonate + Potassium chloride
Potassium bromide
Potassium canrenoate
Potassium chlorate
Potassium chloride
Potassium chloride + Glucose
Potassium chloride + Glucose + Sodium chloride
Potassium chloride + Sodium chloride
Potassium chloride + Sodium chloride + Sodium lactate
Potassium citrate
Potassium citrate + Citric acid
Potassium citrate + Sodium monofluorophosphate
Potassium dihydrogen phosphate
Potassium iodate
Potassium iodide
Potassium nitrate
Potassium perchlorate
Potassium permanganate
Potassium phosphate
Povidone
Povidone-Iodine
Pralidoxime chloride
Pralidoxime mesylate
Pramipexole
Prasterone + Calcium carbonate
Prasugrel
Pravastatin
Praziquantel
Prazosin
Prednisolone
Prednisone
Pregabalin
Prilocaine
Prilocaine + Felypressin
Primaquine
Primidone
Pristinamycin
Probenecid
Procainamide
Procaine
Procaine benzylpenicillin
Procarbazine
Prochlorperazine
Procyclidine
Proflavine
Progesterone
Proguanil
Proguanil + Atovaquone
Promazine
Promethazine hydrochloride
Promethazine teoclate
Propafenone
Propamidine
Propantheline
Propiverine
Propofol
Propranolol
Propranolol + Bendroflumethiazide
Propylene glycol
Propylthiouracil
Protamine
Protein C human
Protirelin
Protriptyline
Proxymetacaine
Proxymetacaine + Fluorescein
Prucalopride
Prussian blue insoluble
Pseudoephedrine
Pseudoephedrine + Acrivastine
Pseudoephedrine + Brompheniramine
Pseudoephedrine + Chlorphenamine
Pseudoephedrine + Diphenhydramine
Pseudoephedrine + Triprolidine
Pyrazinamide
Pyridostigmine
Pyridoxal phosphate
Pyridoxine
Pyrimethamine
Pyrimethamine + Sulfadoxine
Quetiapine
Quinagolide
Quinapril
Quinidine
Quinine
Quinine bisulphate
Quinine dihydrochloride
Quinine hydrochloride
Quinine sulphate
Quinupristin + Dalfopristin
Rabeprazole
Rabies immunoglobulin
Rabies vaccine
Raloxifene
Raltegravir
Raltitrexed
Ramipril
Ranibizumab
Ranitidine
Ranitidine bismuth citrate
Ranolazine
Rasagiline
Rasburicase
Raspberry leaf
Razoxane
Reboxetine
Regadenoson
Remifentanil
Repaglinide
Retapamulin
Reteplase
Retigabine
Retinol
Retinol + Colecalciferol
Retinol + Vitamin D
Reviparin
Rhubarb extract + Salicylic acid
Ribavirin
Riboflavin
Rifabutin
Rifampicin
Rifampicin + Isoniazid
Rifaximin
Riluzole
Rimexolone
Rimonabant
Risedronate sodium
Risedronic acid
Risperidone
Ritodrine
Ritonavir
Rituximab
Rivaroxaban
Rivastigmine
Rizatriptan
Rocuronium
Rofecoxib
Roflumilast
Romiplostim
Ropinirole
Ropivacaine
Rose bengal
Rose water
Rosiglitazone
Rosiglitazone + Metformin
Rosuvastatin
Rotavirus vaccine
Rotigotine
Rubella vaccine
Rufinamide
Rupatadine
Saccharin
Sacrosidase
Salbutamol
Salbutamol + Beclometasone
Salbutamol + Ipratropium
Salicyclic acid + Betamethasone
Salicylamide + Benzocaine
Salicylic acid
Salicylic acid + Camphor
Salicylic acid + Desoximetasone
Salicylic acid + Lactic acid
Salicylic acid + Mucopolysaccharide polysulphate
Salicylic acid + Podophyllum resin
Salicylic acid + Sulphur
Salicylic acid + Zinc oxide
Salmeterol
Sapropterin
Saquinavir
Saw-scaled viper venom antiserum
Saxagliptin
Secobarbital
Secretin
Selegiline
Selenium
Senna
Senna + Ispaghula
Sermorelin
Serrapeptase
Sertindole
Sertraline
Sesame oil
Sevelamer
Sevoflurane
Shark liver oil
Siberian ginseng
Sibutramine
Sildenafil
Silicone
Silver nitrate
Simeticone
Simeticone + Loperamide
Simvastatin
Simvastatin + Ezetimibe
Sirolimus
Sitagliptin
Sitagliptin + Metformin
Sitaxentan
Sodium acid phosphate
Sodium acid phosphate + Potassium dihydrogen phosphate
Sodium acid phosphate + Sodium bicarbonate
Sodium acid phosphate + Sodium phosphate
Sodium alginate + Magnesium alginate
Sodium alginate + Potassium bicarbonate
Sodium amidotrizoate
Sodium ascorbate + Ascorbic acid
Sodium aurothiomalate
Sodium benzoate
Sodium bicarbonate
Sodium bicarbonate + Dill oil
Sodium bicarbonate + Simeticone
Sodium bicarbonate + Sodium chloride
Sodium bicarbonate + Sodium citrate
Sodium calcium edetate
Sodium chloride
Sodium citrate
Sodium clodronate
Sodium cromoglicate
Sodium cromoglicate + Salbutamol
Sodium cromoglicate + Xylometazoline
Sodium dichloroisocyanurate
Sodium dihydrogen phosphate dihydrate
Sodium feredetate
Sodium fluoride
Sodium fluoride + Triclosan
Sodium fusidate
Sodium glycerophosphate
Sodium hyaluronate
Sodium hyaluronate + Dexpanthenol
Sodium hydroxybutyrate
Sodium iopodate
Sodium lactate
Sodium lauryl ether sulpho-succinate + Sodium lauryl ether sulphate
Sodium metabisulphite
Sodium nitrite
Sodium nitroprusside
Sodium oxybate
Sodium phenylbutyrate
Sodium phosphate dibasic + Monopotassium phosphate
Sodium picosulfate
Sodium pidolate
Sodium polystyrene sulfonate
Sodium salicylate
Sodium stibogluconate
Sodium tetradecyl sulfate
Sodium thiosulphate
Sodium valproate
Soft paraffin + Wool fat
Solifenacin
Somatorelin
Somatropin
Sorafenib
Sorbitol
Sotalol
Soya oil
Soya oil + Lauromacrogols
Spectinomycin
Spiramycin
Spironolactone
Spironolactone + Chlorothiazide
Spironolactone + Furosemide
Squill
Squill + Capsicum
Squill + Ipecacuanha
St. John's wort
Stannous fluoride
Stanozolol
Stavudine
Stearic acid
Sterculia
Sterculia + Alverine
Sterculia + Frangula
Stiripentol
Stonefish venom antiserum
Streptokinase
Streptokinase + Streptodornase
Streptomycin
Strontium ranelate
Succimer
Sucralfate
Sucrose
Sugammadex
Sulconazole
Sulfadiazine
Sulfadiazine silver
Sulfamethoxypyridazine
Sulfapyridine
Sulfasalazine
Sulfinpyrazone
Sulfur hexafluoride
Sulfuric acid
Sulindac
Sulphan blue
Sulphur
Sulphur + Resorcinol
Sulpiride
Sultiame
Sumatra benzoin
Sumatriptan
Sunitinib
Suxamethonium
Tacalcitol
Tacrolimus
Tadalafil
Tafluprost
Talc
Tamoxifen
Tamsulosin
Tamsulosin + Dutasteride
Tapentadol
Tar
Tartaric acid
Tasonermin
Taurine
Taurolidine
Tazarotene
Tegafur + Uracil
Teicoplanin
Telbivudine
Telithromycin
Telmisartan
Telmisartan + Hydrochlorothiazide
Temazepam
Temocillin
Temoporfin
Temozolomide
Temsirolimus
Tenecteplase
Tenofovir
Tenofovir + Emtricitabine
Tenoxicam
Terazosin
Terbinafine
Terbutaline
Terfenadine
Teriparatide
Terlipressin
Terpin + Codeine
Testolactone
Testosterone
Testosterone enantate
Testosterone propionate
Testosterone undecanoate
Tetanus immunoglobulin
Tetanus vaccine
Tetrabenazine
Tetracaine
Tetracosactide
Tetracycline
Tetrastarch
Thalidomide
Theophylline
Theophylline + Ephedrine
Thiamine
Thiopental
Thioridazine
Thiotepa
Thrombin
Thymol
Thyrotropin alfa
Tiabendazole
Tiagabine
Tiaprofenic acid
Tibolone
Ticagrelor
Ticarcillin + Clavulanic acid
TICE strain Bacillus of Calmette-Guerin
Tick-borne encephalitis immunoglobulin
Tick-borne encephalitis vaccine
Ticlopidine
Tigecycline
Tiger snake venom antiserum
Tilactase
Tiludronic acid
Timolol
Timolol + Amiloride + Hydrochlorothiazide
Timolol + Bendroflumethiazide
Timolol + Travoprost
Tinidazole
Tinzaparin
Tioconazole
Tioguanine
Tiotropium
Tipranavir
Tirofiban
Titanium dioxide + Titanium peroxide + Titanium salicylate
Tizanidine
Tobramycin
Tocilizumab
Tocofersolan
Tolazoline
Tolbutamide
Tolcapone
Tolfenamic acid
Tolnaftate
Tolnaftate + Benzalkonium
Tolnaftate + Chlorhexidine
Tolterodine
Tolvaptan
Topiramate
Topotecan
Torasemide
Toremifene
Trabectedin
Tragacanth
Tramadol
Tramadol + Paracetamol
Tramazoline + Dexamethasone
Trandolapril
Tranexamic acid
Tranylcypromine
Trastuzumab
Travoprost
Trazodone
Tree pollen
Treosulfan
Tretinoin
Triamcinolone
Triamcinolone + Chlortetracycline
Triamcinolone acetonide
Triamcinolone hexacetonide
Triamterene
Triamterene + Benthiazide
Triamterene + Chlortalidone
Triamterene + Furosemide
Triclofos
Triclosan
Trientine
Trifluoperazine
Trifluridine
Trihexyphenidyl
Trilostane
Trimetaphan
Trimetazidine
Trimethoprim
Trimipramine
Tripotassium dicitratobismuthate
Triptorelin
Trometamol
Tropicamide
Tropisetron
Trospium
Tryptophan
Tuberculin purified protein derivative
Tuberculosis vaccine
Turpentine oil
Turpentine oil + Acetic acid
Tyloxapol
Typhoid vaccine
Tyrosine
Ubidecarenone
Ubidecarenone + Alpha tocopherol
Ubidecarenone + Magnesium oxide
Ulipristal
Undecenoic acid + Dibrompropamidine
Undecenoic acid + Dichlorophen
Unithiol
Urea
Urea [13-C]
Urea + Lactic acid
Urea + Lauromacrogols
Urea hydrogen peroxide
Urofollitropin
Urokinase
Ursodeoxycholic acid
Ustekinumab
Valaciclovir
Valdecoxib
Valerian
Valerian + Hops
Valerian + Lemon balm
Valganciclovir
Valine
Valproic acid
Valsartan
Valsartan + Hydrochlorothiazide
Vancomycin
Vardenafil
Varenicline
Varicella immunoglobulin
Varicella vaccine
Vecuronium
Velaglucerase alfa
Venlafaxine
Verapamil
Verapamil + Trandolapril
Verteporfin
Vigabatrin
Vildagliptin
Vildagliptin + Metformin
Vinblastine
Vincristine
Vindesine
Vinflunine
Vinorelbine
Voriconazole
Warfarin
Wasp venom
Water
Wheat dextrin
Wheat grain
White soft paraffin
White soft paraffin + Dimeticone
White soft paraffin + Liquid paraffin
White soft paraffin + Zinc oxide
Wild cherry
Wool fat
Xipamide
Xylometazoline
Yellow fever vaccine
Yellow soft paraffin
Yohimbine
Zafirlukast
Zalcitabine
Zaleplon
Zanamivir
Ziconotide
Zidovudine
Zidovudine + Lamivudine
Zinc
Zinc acetate
Zinc citrate
Zinc gluconate
Zinc glycinate
Zinc oxide
Zinc oxide + Cod liver oil
Zinc oxide + Dimeticone
Zinc oxide + Hydrous wool fat
Zinc oxide + Lidocaine
Zinc sulphate
Zinc undecenoate + Undecenoic acid
Ziprasidone
Zoledronic acid
Zolmitriptan
Zolpidem
Zonisamide
Zopiclone
Zotepine
Zuclopenthixol
Zuclopenthixol acetate
Zuclopenthixol decanoate
